
> beringin-app-root@0.1.0 test
> jest src/app/components/admin/ConceptForm.test.tsx

FAIL src/app/components/admin/ConceptForm.test.tsx
  ConceptForm
    × should render create form by default (24 ms)
    × should render edit form when initialData provided (2 ms)
    × should show validation errors (2 ms)
    × should call create action on submit (1 ms)
    × should call update action on submit when editing (3 ms)
    × should handle submission error (2 ms)
    × should handle NEXT_REDIRECT error safely in tests (1 ms)

  ● ConceptForm › should render create form by default

    ReferenceError: useState is not defined

    [0m [90m 20 |[39m
     [90m 21 |[39m [36mexport[39m [36mfunction[39m [33mConceptForm[39m({ initialData }[33m:[39m [33mConceptFormProps[39m) {
    [31m[1m>[22m[39m[90m 22 |[39m   [36mconst[39m [error[33m,[39m setError] [33m=[39m useState[33m<[39m[33mstring[39m [33m|[39m [36mnull[39m[33m>[39m([36mnull[39m)
     [90m    |[39m                             [31m[1m^[22m[39m
     [90m 23 |[39m
     [90m 24 |[39m   [36mconst[39m {
     [90m 25 |[39m     register[33m,[39m[0m

      at useState (src/app/components/admin/ConceptForm.tsx:22:29)
      at Object.react_stack_bottom_frame (node_modules/react-dom/cjs/react-dom-client.development.js:25904:20)
      at renderWithHooks (node_modules/react-dom/cjs/react-dom-client.development.js:7662:22)
      at updateFunctionComponent (node_modules/react-dom/cjs/react-dom-client.development.js:10166:19)
      at beginWork (node_modules/react-dom/cjs/react-dom-client.development.js:11778:18)
      at runWithFiberInDEV (node_modules/react-dom/cjs/react-dom-client.development.js:874:13)
      at performUnitOfWork (node_modules/react-dom/cjs/react-dom-client.development.js:17641:22)
      at workLoopSync (node_modules/react-dom/cjs/react-dom-client.development.js:17469:41)
      at renderRootSync (node_modules/react-dom/cjs/react-dom-client.development.js:17450:11)
      at performWorkOnRoot (node_modules/react-dom/cjs/react-dom-client.development.js:16583:35)
      at performWorkOnRootViaSchedulerTask (node_modules/react-dom/cjs/react-dom-client.development.js:18957:7)
      at flushActQueue (node_modules/react/cjs/react.development.js:590:34)
      at process.env.NODE_ENV.exports.act (node_modules/react/cjs/react.development.js:884:10)
      at node_modules/@testing-library/react/dist/act-compat.js:46:25
      at renderRoot (node_modules/@testing-library/react/dist/pure.js:189:26)
      at render (node_modules/@testing-library/react/dist/pure.js:291:10)
      at Object.<anonymous> (src/app/components/admin/ConceptForm.test.tsx:34:11)

  ● ConceptForm › should render edit form when initialData provided

    ReferenceError: useState is not defined

    [0m [90m 20 |[39m
     [90m 21 |[39m [36mexport[39m [36mfunction[39m [33mConceptForm[39m({ initialData }[33m:[39m [33mConceptFormProps[39m) {
    [31m[1m>[22m[39m[90m 22 |[39m   [36mconst[39m [error[33m,[39m setError] [33m=[39m useState[33m<[39m[33mstring[39m [33m|[39m [36mnull[39m[33m>[39m([36mnull[39m)
     [90m    |[39m                             [31m[1m^[22m[39m
     [90m 23 |[39m
     [90m 24 |[39m   [36mconst[39m {
     [90m 25 |[39m     register[33m,[39m[0m

      at useState (src/app/components/admin/ConceptForm.tsx:22:29)
      at Object.react_stack_bottom_frame (node_modules/react-dom/cjs/react-dom-client.development.js:25904:20)
      at renderWithHooks (node_modules/react-dom/cjs/react-dom-client.development.js:7662:22)
      at updateFunctionComponent (node_modules/react-dom/cjs/react-dom-client.development.js:10166:19)
      at beginWork (node_modules/react-dom/cjs/react-dom-client.development.js:11778:18)
      at runWithFiberInDEV (node_modules/react-dom/cjs/react-dom-client.development.js:874:13)
      at performUnitOfWork (node_modules/react-dom/cjs/react-dom-client.development.js:17641:22)
      at workLoopSync (node_modules/react-dom/cjs/react-dom-client.development.js:17469:41)
      at renderRootSync (node_modules/react-dom/cjs/react-dom-client.development.js:17450:11)
      at performWorkOnRoot (node_modules/react-dom/cjs/react-dom-client.development.js:16583:35)
      at performWorkOnRootViaSchedulerTask (node_modules/react-dom/cjs/react-dom-client.development.js:18957:7)
      at flushActQueue (node_modules/react/cjs/react.development.js:590:34)
      at process.env.NODE_ENV.exports.act (node_modules/react/cjs/react.development.js:884:10)
      at node_modules/@testing-library/react/dist/act-compat.js:46:25
      at renderRoot (node_modules/@testing-library/react/dist/pure.js:189:26)
      at render (node_modules/@testing-library/react/dist/pure.js:291:10)
      at Object.<anonymous> (src/app/components/admin/ConceptForm.test.tsx:41:11)

  ● ConceptForm › should show validation errors

    ReferenceError: useState is not defined

    [0m [90m 20 |[39m
     [90m 21 |[39m [36mexport[39m [36mfunction[39m [33mConceptForm[39m({ initialData }[33m:[39m [33mConceptFormProps[39m) {
    [31m[1m>[22m[39m[90m 22 |[39m   [36mconst[39m [error[33m,[39m setError] [33m=[39m useState[33m<[39m[33mstring[39m [33m|[39m [36mnull[39m[33m>[39m([36mnull[39m)
     [90m    |[39m                             [31m[1m^[22m[39m
     [90m 23 |[39m
     [90m 24 |[39m   [36mconst[39m {
     [90m 25 |[39m     register[33m,[39m[0m

      at useState (src/app/components/admin/ConceptForm.tsx:22:29)
      at Object.react_stack_bottom_frame (node_modules/react-dom/cjs/react-dom-client.development.js:25904:20)
      at renderWithHooks (node_modules/react-dom/cjs/react-dom-client.development.js:7662:22)
      at updateFunctionComponent (node_modules/react-dom/cjs/react-dom-client.development.js:10166:19)
      at beginWork (node_modules/react-dom/cjs/react-dom-client.development.js:11778:18)
      at runWithFiberInDEV (node_modules/react-dom/cjs/react-dom-client.development.js:874:13)
      at performUnitOfWork (node_modules/react-dom/cjs/react-dom-client.development.js:17641:22)
      at workLoopSync (node_modules/react-dom/cjs/react-dom-client.development.js:17469:41)
      at renderRootSync (node_modules/react-dom/cjs/react-dom-client.development.js:17450:11)
      at performWorkOnRoot (node_modules/react-dom/cjs/react-dom-client.development.js:16583:35)
      at performWorkOnRootViaSchedulerTask (node_modules/react-dom/cjs/react-dom-client.development.js:18957:7)
      at flushActQueue (node_modules/react/cjs/react.development.js:590:34)
      at process.env.NODE_ENV.exports.act (node_modules/react/cjs/react.development.js:884:10)
      at node_modules/@testing-library/react/dist/act-compat.js:46:25
      at renderRoot (node_modules/@testing-library/react/dist/pure.js:189:26)
      at render (node_modules/@testing-library/react/dist/pure.js:291:10)
      at Object.<anonymous> (src/app/components/admin/ConceptForm.test.tsx:49:11)

  ● ConceptForm › should call create action on submit

    ReferenceError: useState is not defined

    [0m [90m 20 |[39m
     [90m 21 |[39m [36mexport[39m [36mfunction[39m [33mConceptForm[39m({ initialData }[33m:[39m [33mConceptFormProps[39m) {
    [31m[1m>[22m[39m[90m 22 |[39m   [36mconst[39m [error[33m,[39m setError] [33m=[39m useState[33m<[39m[33mstring[39m [33m|[39m [36mnull[39m[33m>[39m([36mnull[39m)
     [90m    |[39m                             [31m[1m^[22m[39m
     [90m 23 |[39m
     [90m 24 |[39m   [36mconst[39m {
     [90m 25 |[39m     register[33m,[39m[0m

      at useState (src/app/components/admin/ConceptForm.tsx:22:29)
      at Object.react_stack_bottom_frame (node_modules/react-dom/cjs/react-dom-client.development.js:25904:20)
      at renderWithHooks (node_modules/react-dom/cjs/react-dom-client.development.js:7662:22)
      at updateFunctionComponent (node_modules/react-dom/cjs/react-dom-client.development.js:10166:19)
      at beginWork (node_modules/react-dom/cjs/react-dom-client.development.js:11778:18)
      at runWithFiberInDEV (node_modules/react-dom/cjs/react-dom-client.development.js:874:13)
      at performUnitOfWork (node_modules/react-dom/cjs/react-dom-client.development.js:17641:22)
      at workLoopSync (node_modules/react-dom/cjs/react-dom-client.development.js:17469:41)
      at renderRootSync (node_modules/react-dom/cjs/react-dom-client.development.js:17450:11)
      at performWorkOnRoot (node_modules/react-dom/cjs/react-dom-client.development.js:16583:35)
      at performWorkOnRootViaSchedulerTask (node_modules/react-dom/cjs/react-dom-client.development.js:18957:7)
      at flushActQueue (node_modules/react/cjs/react.development.js:590:34)
      at process.env.NODE_ENV.exports.act (node_modules/react/cjs/react.development.js:884:10)
      at node_modules/@testing-library/react/dist/act-compat.js:46:25
      at renderRoot (node_modules/@testing-library/react/dist/pure.js:189:26)
      at render (node_modules/@testing-library/react/dist/pure.js:291:10)
      at Object.<anonymous> (src/app/components/admin/ConceptForm.test.tsx:63:11)

  ● ConceptForm › should call update action on submit when editing

    ReferenceError: useState is not defined

    [0m [90m 20 |[39m
     [90m 21 |[39m [36mexport[39m [36mfunction[39m [33mConceptForm[39m({ initialData }[33m:[39m [33mConceptFormProps[39m) {
    [31m[1m>[22m[39m[90m 22 |[39m   [36mconst[39m [error[33m,[39m setError] [33m=[39m useState[33m<[39m[33mstring[39m [33m|[39m [36mnull[39m[33m>[39m([36mnull[39m)
     [90m    |[39m                             [31m[1m^[22m[39m
     [90m 23 |[39m
     [90m 24 |[39m   [36mconst[39m {
     [90m 25 |[39m     register[33m,[39m[0m

      at useState (src/app/components/admin/ConceptForm.tsx:22:29)
      at Object.react_stack_bottom_frame (node_modules/react-dom/cjs/react-dom-client.development.js:25904:20)
      at renderWithHooks (node_modules/react-dom/cjs/react-dom-client.development.js:7662:22)
      at updateFunctionComponent (node_modules/react-dom/cjs/react-dom-client.development.js:10166:19)
      at beginWork (node_modules/react-dom/cjs/react-dom-client.development.js:11778:18)
      at runWithFiberInDEV (node_modules/react-dom/cjs/react-dom-client.development.js:874:13)
      at performUnitOfWork (node_modules/react-dom/cjs/react-dom-client.development.js:17641:22)
      at workLoopSync (node_modules/react-dom/cjs/react-dom-client.development.js:17469:41)
      at renderRootSync (node_modules/react-dom/cjs/react-dom-client.development.js:17450:11)
      at performWorkOnRoot (node_modules/react-dom/cjs/react-dom-client.development.js:16583:35)
      at performWorkOnRootViaSchedulerTask (node_modules/react-dom/cjs/react-dom-client.development.js:18957:7)
      at flushActQueue (node_modules/react/cjs/react.development.js:590:34)
      at process.env.NODE_ENV.exports.act (node_modules/react/cjs/react.development.js:884:10)
      at node_modules/@testing-library/react/dist/act-compat.js:46:25
      at renderRoot (node_modules/@testing-library/react/dist/pure.js:189:26)
      at render (node_modules/@testing-library/react/dist/pure.js:291:10)
      at Object.<anonymous> (src/app/components/admin/ConceptForm.test.tsx:83:11)

  ● ConceptForm › should handle submission error

    ReferenceError: useState is not defined

    [0m [90m 20 |[39m
     [90m 21 |[39m [36mexport[39m [36mfunction[39m [33mConceptForm[39m({ initialData }[33m:[39m [33mConceptFormProps[39m) {
    [31m[1m>[22m[39m[90m 22 |[39m   [36mconst[39m [error[33m,[39m setError] [33m=[39m useState[33m<[39m[33mstring[39m [33m|[39m [36mnull[39m[33m>[39m([36mnull[39m)
     [90m    |[39m                             [31m[1m^[22m[39m
     [90m 23 |[39m
     [90m 24 |[39m   [36mconst[39m {
     [90m 25 |[39m     register[33m,[39m[0m

      at useState (src/app/components/admin/ConceptForm.tsx:22:29)
      at Object.react_stack_bottom_frame (node_modules/react-dom/cjs/react-dom-client.development.js:25904:20)
      at renderWithHooks (node_modules/react-dom/cjs/react-dom-client.development.js:7662:22)
      at updateFunctionComponent (node_modules/react-dom/cjs/react-dom-client.development.js:10166:19)
      at beginWork (node_modules/react-dom/cjs/react-dom-client.development.js:11778:18)
      at runWithFiberInDEV (node_modules/react-dom/cjs/react-dom-client.development.js:874:13)
      at performUnitOfWork (node_modules/react-dom/cjs/react-dom-client.development.js:17641:22)
      at workLoopSync (node_modules/react-dom/cjs/react-dom-client.development.js:17469:41)
      at renderRootSync (node_modules/react-dom/cjs/react-dom-client.development.js:17450:11)
      at performWorkOnRoot (node_modules/react-dom/cjs/react-dom-client.development.js:16583:35)
      at performWorkOnRootViaSchedulerTask (node_modules/react-dom/cjs/react-dom-client.development.js:18957:7)
      at flushActQueue (node_modules/react/cjs/react.development.js:590:34)
      at process.env.NODE_ENV.exports.act (node_modules/react/cjs/react.development.js:884:10)
      at node_modules/@testing-library/react/dist/act-compat.js:46:25
      at renderRoot (node_modules/@testing-library/react/dist/pure.js:189:26)
      at render (node_modules/@testing-library/react/dist/pure.js:291:10)
      at Object.<anonymous> (src/app/components/admin/ConceptForm.test.tsx:98:11)

  ● ConceptForm › should handle NEXT_REDIRECT error safely in tests

    ReferenceError: useState is not defined

    [0m [90m 20 |[39m
     [90m 21 |[39m [36mexport[39m [36mfunction[39m [33mConceptForm[39m({ initialData }[33m:[39m [33mConceptFormProps[39m) {
    [31m[1m>[22m[39m[90m 22 |[39m   [36mconst[39m [error[33m,[39m setError] [33m=[39m useState[33m<[39m[33mstring[39m [33m|[39m [36mnull[39m[33m>[39m([36mnull[39m)
     [90m    |[39m                             [31m[1m^[22m[39m
     [90m 23 |[39m
     [90m 24 |[39m   [36mconst[39m {
     [90m 25 |[39m     register[33m,[39m[0m

      at useState (src/app/components/admin/ConceptForm.tsx:22:29)
      at Object.react_stack_bottom_frame (node_modules/react-dom/cjs/react-dom-client.development.js:25904:20)
      at renderWithHooks (node_modules/react-dom/cjs/react-dom-client.development.js:7662:22)
      at updateFunctionComponent (node_modules/react-dom/cjs/react-dom-client.development.js:10166:19)
      at beginWork (node_modules/react-dom/cjs/react-dom-client.development.js:11778:18)
      at runWithFiberInDEV (node_modules/react-dom/cjs/react-dom-client.development.js:874:13)
      at performUnitOfWork (node_modules/react-dom/cjs/react-dom-client.development.js:17641:22)
      at workLoopSync (node_modules/react-dom/cjs/react-dom-client.development.js:17469:41)
      at renderRootSync (node_modules/react-dom/cjs/react-dom-client.development.js:17450:11)
      at performWorkOnRoot (node_modules/react-dom/cjs/react-dom-client.development.js:16583:35)
      at performWorkOnRootViaSchedulerTask (node_modules/react-dom/cjs/react-dom-client.development.js:18957:7)
      at flushActQueue (node_modules/react/cjs/react.development.js:590:34)
      at process.env.NODE_ENV.exports.act (node_modules/react/cjs/react.development.js:884:10)
      at node_modules/@testing-library/react/dist/act-compat.js:46:25
      at renderRoot (node_modules/@testing-library/react/dist/pure.js:189:26)
      at render (node_modules/@testing-library/react/dist/pure.js:291:10)
      at Object.<anonymous> (src/app/components/admin/ConceptForm.test.tsx:125:11)

Test Suites: 1 failed, 1 total
Tests:       7 failed, 7 total
Snapshots:   0 total
Time:        1.05 s
Ran all test suites matching src/app/components/admin/ConceptForm.test.tsx.
